---
- council_reference: PLN092/2020
  address: 12-18 Murchison Road RUSHWORTH VIC 3612
  description: Removal of native vegetation (1 tree) pursuant to Clause 52.17
  info_url: https://campaspe-web.t1cloud.com/T1PRDefault/WebApps/eProperty/P1/eTrack/eTrackApplicationDetails.aspx?ApplicationId=PLN092%2F2020&f=%24P1.ETR.APPDET.VIW&r=SOC.WEBGUEST
  date_scraped: '2019-05-15'
  date_received: '2020-06-15'
- council_reference: PLN109/2020
  address: 141 Allan Street KYABRAM VIC 3620
  description: Use of Land for a Restricted Recreation Facility in the Commercial
    1 Zone and Display of Business Identification Signage in the Heritage Overlay
    Schedule 127
  info_url: https://campaspe-web.t1cloud.com/T1PRDefault/WebApps/eProperty/P1/eTrack/eTrackApplicationDetails.aspx?ApplicationId=PLN109%2F2020&f=%24P1.ETR.APPDET.VIW&r=SOC.WEBGUEST
  date_scraped: '2019-05-15'
  date_received: '2020-06-15'
- council_reference: PLN112/2020
  address: Spiers Road ECHUCA WEST VIC 3564
  description: Buildings and works (Agricultural shed) in the Farming Zone Schedule
    1
  info_url: https://campaspe-web.t1cloud.com/T1PRDefault/WebApps/eProperty/P1/eTrack/eTrackApplicationDetails.aspx?ApplicationId=PLN112%2F2020&f=%24P1.ETR.APPDET.VIW&r=SOC.WEBGUEST
  date_scraped: '2019-05-15'
  date_received: '2020-06-26'
- council_reference: PLN139/2020
  address: 81 Lowry Street ROCHESTER VIC 3561
  description: Creation of an easement (E-1) pursuant to Clause 52.02
  info_url: https://campaspe-web.t1cloud.com/T1PRDefault/WebApps/eProperty/P1/eTrack/eTrackApplicationDetails.aspx?ApplicationId=PLN139%2F2020&f=%24P1.ETR.APPDET.VIW&r=SOC.WEBGUEST
  date_scraped: '2019-05-15'
  date_received: '2020-06-23'
- council_reference: PLN140/2020
  address: Off Mckenzie Road ECHUCA VIC 3564
  description: Approval of Development Plan Echuca South East Industrial Land, Schedule
    9 and Staged Subdivision of the Land into 24 Lots in the Industrial 1 Zone, Development
    Plan Overlay Schedule 9 and Design and Development Overlay Schedules 6 and 7,
    and Removal of Native Vegetation pursuant to Clause 52.17
  info_url: https://campaspe-web.t1cloud.com/T1PRDefault/WebApps/eProperty/P1/eTrack/eTrackApplicationDetails.aspx?ApplicationId=PLN140%2F2020&f=%24P1.ETR.APPDET.VIW&r=SOC.WEBGUEST
  date_scraped: '2019-05-15'
  date_received: '2020-06-23'
- council_reference: PLN141/2020
  address: 14 Moore Street ROCHESTER VIC 3561
  description: Buildings & Works (extension to building) in the Public Use Zone (PUZ4
    - Transport) and Land Subject to Inundation Overlay
  info_url: https://campaspe-web.t1cloud.com/T1PRDefault/WebApps/eProperty/P1/eTrack/eTrackApplicationDetails.aspx?ApplicationId=PLN141%2F2020&f=%24P1.ETR.APPDET.VIW&r=SOC.WEBGUEST
  date_scraped: '2019-05-15'
  date_received: '2020-06-12'
- council_reference: PLN142/2020
  address: 258 Wharparilla Road WHARPARILLA VIC 3564
  description: Buildings and works (outbuilding) in the Farming Zone Schedule 1
  info_url: https://campaspe-web.t1cloud.com/T1PRDefault/WebApps/eProperty/P1/eTrack/eTrackApplicationDetails.aspx?ApplicationId=PLN142%2F2020&f=%24P1.ETR.APPDET.VIW&r=SOC.WEBGUEST
  date_scraped: '2019-05-15'
  date_received: '2020-06-17'
- council_reference: PLN143/2019.A
  address: 1608 Midland Highway COROP VIC 3559
  description: Buildings and Works for storage shed associated with an existing winery
    in the Farming Zone Schedule 1 and Salinity Management Overlay
  info_url: https://campaspe-web.t1cloud.com/T1PRDefault/WebApps/eProperty/P1/eTrack/eTrackApplicationDetails.aspx?ApplicationId=PLN143%2F2019.A&f=%24P1.ETR.APPDET.VIW&r=SOC.WEBGUEST
  date_scraped: '2019-05-15'
  date_received: '2020-07-02'
- council_reference: PLN143/2020
  address: 95 Schoeffel Drive ECHUCA VIC 3564
  description: Variation of restrictive covenant (PS630426A) pursuant to Clause 52.02
  info_url: https://campaspe-web.t1cloud.com/T1PRDefault/WebApps/eProperty/P1/eTrack/eTrackApplicationDetails.aspx?ApplicationId=PLN143%2F2020&f=%24P1.ETR.APPDET.VIW&r=SOC.WEBGUEST
  date_scraped: '2019-05-15'
  date_received: '2020-06-23'
- council_reference: PLN145/2020
  address: 295 Allan Street KYABRAM VIC 3620
  description: Buildings and works (warehouse) in the Commercial 2 Zone
  info_url: https://campaspe-web.t1cloud.com/T1PRDefault/WebApps/eProperty/P1/eTrack/eTrackApplicationDetails.aspx?ApplicationId=PLN145%2F2020&f=%24P1.ETR.APPDET.VIW&r=SOC.WEBGUEST
  date_scraped: '2019-05-15'
  date_received: '2020-06-15'
- council_reference: PLN146/2020
  address: 70 Harriman Road WARANGA SHORES VIC 3612
  description: Use and development of the land for a dwelling in the Rural Living
    Zone Schedule 1
  info_url: https://campaspe-web.t1cloud.com/T1PRDefault/WebApps/eProperty/P1/eTrack/eTrackApplicationDetails.aspx?ApplicationId=PLN146%2F2020&f=%24P1.ETR.APPDET.VIW&r=SOC.WEBGUEST
  date_scraped: '2019-05-15'
  date_received: '2020-06-17'
- council_reference: PLN148/2020
  address: 1973 Echuca-Mitiamo Road KOTTA VIC 3565
  description: Buildings and works (dwelling extension and outbuilding) in the Farming
    Zone Schedule 1
  info_url: https://campaspe-web.t1cloud.com/T1PRDefault/WebApps/eProperty/P1/eTrack/eTrackApplicationDetails.aspx?ApplicationId=PLN148%2F2020&f=%24P1.ETR.APPDET.VIW&r=SOC.WEBGUEST
  date_scraped: '2019-05-15'
  date_received: '2020-06-15'
- council_reference: PLN149/2020
  address: 396 White Road KYABRAM VIC 3620
  description: Use and Development of the Land for a Utility Installation (Water Storage)
    in the Farming Zone Schedule 1 and Land Subject to Inundation Overlay
  info_url: https://campaspe-web.t1cloud.com/T1PRDefault/WebApps/eProperty/P1/eTrack/eTrackApplicationDetails.aspx?ApplicationId=PLN149%2F2020&f=%24P1.ETR.APPDET.VIW&r=SOC.WEBGUEST
  date_scraped: '2019-05-15'
  date_received: '2020-06-18'
- council_reference: PLN150/2020
  address: Shop 1/589 High Street ECHUCA VIC 3564
  description: Business Identification Signage in the Heritage Overlay Schedule 1
  info_url: https://campaspe-web.t1cloud.com/T1PRDefault/WebApps/eProperty/P1/eTrack/eTrackApplicationDetails.aspx?ApplicationId=PLN150%2F2020&f=%24P1.ETR.APPDET.VIW&r=SOC.WEBGUEST
  date_scraped: '2019-05-15'
  date_received: '2020-06-15'
- council_reference: PLN151/2020
  address: 12-16 Bridge Road ROCHESTER VIC 3561
  description: Buildings and Works (Dwelling) in the Land Subject to Inundation Overlay
  info_url: https://campaspe-web.t1cloud.com/T1PRDefault/WebApps/eProperty/P1/eTrack/eTrackApplicationDetails.aspx?ApplicationId=PLN151%2F2020&f=%24P1.ETR.APPDET.VIW&r=SOC.WEBGUEST
  date_scraped: '2019-05-15'
  date_received: '2020-06-18'
- council_reference: PLN152/2020
  address: 1015 Graham Road KYVALLEY VIC 3621
  description: Buildings and Works (dwelling extension) in the Farming Zone Schedule
    2
  info_url: https://campaspe-web.t1cloud.com/T1PRDefault/WebApps/eProperty/P1/eTrack/eTrackApplicationDetails.aspx?ApplicationId=PLN152%2F2020&f=%24P1.ETR.APPDET.VIW&r=SOC.WEBGUEST
  date_scraped: '2019-05-15'
  date_received: '2020-06-19'
- council_reference: PLN153/2020
  address: 227-235 Campaspe Esplanade ECHUCA VIC 3564
  description: Buildings and works (outbuilding extension) in the Urban Floodway Zone
    and Environmental Significance Overlay Schedule 1
  info_url: https://campaspe-web.t1cloud.com/T1PRDefault/WebApps/eProperty/P1/eTrack/eTrackApplicationDetails.aspx?ApplicationId=PLN153%2F2020&f=%24P1.ETR.APPDET.VIW&r=SOC.WEBGUEST
  date_scraped: '2019-05-15'
  date_received: '2020-07-02'
- council_reference: PLN155/2020
  address: 643 Murray Valley Highway ECHUCA VIC 3564
  description: Buildings and Works (agricultural shed) in the Farming Zone Schedule
    1 and Land Subject to Inundation Overlay
  info_url: https://campaspe-web.t1cloud.com/T1PRDefault/WebApps/eProperty/P1/eTrack/eTrackApplicationDetails.aspx?ApplicationId=PLN155%2F2020&f=%24P1.ETR.APPDET.VIW&r=SOC.WEBGUEST
  date_scraped: '2019-05-15'
  date_received: '2020-06-25'
- council_reference: PLN156/2020
  address: 59 Hall Road TORRUMBARRY VIC 3562
  description: Use and Development of the Land for a Dwelling in the Farming Zone
    Schedule 1
  info_url: https://campaspe-web.t1cloud.com/T1PRDefault/WebApps/eProperty/P1/eTrack/eTrackApplicationDetails.aspx?ApplicationId=PLN156%2F2020&f=%24P1.ETR.APPDET.VIW&r=SOC.WEBGUEST
  date_scraped: '2019-05-15'
  date_received: '2020-06-25'
- council_reference: PLN158/2020
  address: 727 Bamawm Hall Road BAMAWM VIC 3561
  description: Buildings and works (Outbuilding) in the Farming Zone Schedule 1
  info_url: https://campaspe-web.t1cloud.com/T1PRDefault/WebApps/eProperty/P1/eTrack/eTrackApplicationDetails.aspx?ApplicationId=PLN158%2F2020&f=%24P1.ETR.APPDET.VIW&r=SOC.WEBGUEST
  date_scraped: '2019-05-15'
  date_received: '2020-06-26'
- council_reference: PLN159/2020
  address: 64 Rutley Crescent ECHUCA VIC 3564
  description: Building and works (dwelling and outbuilding extension) in the Urban
    Floodway Zone, Floodway Overlay, Land Subject to Inundation Overlay and Environmental
    Significance Overlay 1
  info_url: https://campaspe-web.t1cloud.com/T1PRDefault/WebApps/eProperty/P1/eTrack/eTrackApplicationDetails.aspx?ApplicationId=PLN159%2F2020&f=%24P1.ETR.APPDET.VIW&r=SOC.WEBGUEST
  date_scraped: '2019-05-15'
  date_received: '2020-06-30'
- council_reference: PLN160/2020
  address: 21-27 Sutton Street ECHUCA VIC 3564
  description: Use and development of the land for a warehouse (storage facility)
    in the Industrial 3 Zone
  info_url: https://campaspe-web.t1cloud.com/T1PRDefault/WebApps/eProperty/P1/eTrack/eTrackApplicationDetails.aspx?ApplicationId=PLN160%2F2020&f=%24P1.ETR.APPDET.VIW&r=SOC.WEBGUEST
  date_scraped: '2019-05-15'
  date_received: '2020-07-01'
- council_reference: PLN161/2020
  address: 72 Bonn Road BONN VIC 3561
  description: Buildings and works (agricultural shed) in the Farming Zone Schedule
    1 and Floodway Overlay
  info_url: https://campaspe-web.t1cloud.com/T1PRDefault/WebApps/eProperty/P1/eTrack/eTrackApplicationDetails.aspx?ApplicationId=PLN161%2F2020&f=%24P1.ETR.APPDET.VIW&r=SOC.WEBGUEST
  date_scraped: '2019-05-15'
  date_received: '2020-07-06'
- council_reference: PLN162/2020
  address: Scott Road ECHUCA VILLAGE VIC 3564
  description: Buildings and Works (dwelling) in the Land Subject to Inundation Overlay
  info_url: https://campaspe-web.t1cloud.com/T1PRDefault/WebApps/eProperty/P1/eTrack/eTrackApplicationDetails.aspx?ApplicationId=PLN162%2F2020&f=%24P1.ETR.APPDET.VIW&r=SOC.WEBGUEST
  date_scraped: '2019-05-15'
  date_received: '2020-07-03'
- council_reference: PLN164/2020
  address: 137 Hume Street ECHUCA VIC 3564
  description: Buildings and Works (dwelling extension) in the Land Subject to Inundation
    Overlay
  info_url: https://campaspe-web.t1cloud.com/T1PRDefault/WebApps/eProperty/P1/eTrack/eTrackApplicationDetails.aspx?ApplicationId=PLN164%2F2020&f=%24P1.ETR.APPDET.VIW&r=SOC.WEBGUEST
  date_scraped: '2019-05-15'
  date_received: '2020-07-07'
- council_reference: PLN166/2020
  address: Waranga Drive WARANGA SHORES VIC 3612
  description: Use and development of the land for a dwelling in the Rural Living
    Zone Schedule 1
  info_url: https://campaspe-web.t1cloud.com/T1PRDefault/WebApps/eProperty/P1/eTrack/eTrackApplicationDetails.aspx?ApplicationId=PLN166%2F2020&f=%24P1.ETR.APPDET.VIW&r=SOC.WEBGUEST
  date_scraped: '2019-05-15'
  date_received: '2020-07-08'
- council_reference: Pln131/2016.A
  address: 66 Stratton Road ECHUCA VIC 3564
  description: Whole Farm Plan
  info_url: https://campaspe-web.t1cloud.com/T1PRDefault/WebApps/eProperty/P1/eTrack/eTrackApplicationDetails.aspx?ApplicationId=Pln131%2F2016.A&f=%24P1.ETR.APPDET.VIW&r=SOC.WEBGUEST
  date_scraped: '2019-05-15'
  date_received: '2020-06-16'
